{
  "timestamp": "2026-05-15T13:40:10.050Z",
  "level": "INFO",
  "message": "Fetching attendance by date",
  "classId": "69fcb2f84005bea0681d2540",
  "date": "2026-05-15"
}

{
  "timestamp": "2026-05-15T13:40:14.572Z",
  "level": "INFO",
  "message": "Lesson plans fetched",
  "count": 0
}

{
  "timestamp": "2026-05-15T13:40:14.715Z",
  "level": "INFO",
  "message": "Lesson plans fetched",
  "count": 0
}

{
  "timestamp": "2026-05-15T13:43:33.358Z",
  "level": "INFO",
  "message": "Fetching attendance by date",
  "classId": "69fcb2f84005bea0681d2540",
  "date": "2026-05-15"
}

{
  "timestamp": "2026-05-15T13:43:40.986Z",
  "level": "INFO",
  "message": "Lesson plans fetched",
  "count": 0
}

{
  "timestamp": "2026-05-15T13:43:41.005Z",
  "level": "INFO",
  "message": "Lesson plans fetched",
  "count": 0
}

{
  "timestamp": "2026-05-15T13:51:16.369Z",
  "level": "INFO",
  "message": "Lesson plans fetched",
  "count": 0
}

{
  "timestamp": "2026-05-15T13:51:17.660Z",
  "level": "INFO",
  "message": "Lesson plans fetched",
  "count": 0
}

{
  "timestamp": "2026-05-15T13:51:17.753Z",
  "level": "INFO",
  "message": "Lesson plans fetched",
  "count": 0
}

{
  "timestamp": "2026-05-15T13:51:17.801Z",
  "level": "INFO",
  "message": "Lesson plans fetched",
  "count": 0
}

{
  "timestamp": "2026-05-15T13:51:17.840Z",
  "level": "INFO",
  "message": "Lesson plans fetched",
  "count": 0
}

{
  "timestamp": "2026-05-15T13:51:18.147Z",
  "level": "INFO",
  "message": "Lesson plans fetched",
  "count": 0
}

{
  "timestamp": "2026-05-15T14:13:20.690Z",
  "level": "INFO",
  "message": "Lesson plans fetched",
  "count": 0
}

{
  "timestamp": "2026-05-15T14:13:20.781Z",
  "level": "INFO",
  "message": "Lesson plans fetched",
  "count": 0
}

{
  "timestamp": "2026-05-15T14:23:42.292Z",
  "level": "INFO",
  "message": "Fetching attendance by date",
  "classId": "69fcb2f84005bea0681d2540",
  "date": "2026-05-15"
}

{
  "timestamp": "2026-05-15T14:23:44.225Z",
  "level": "INFO",
  "message": "Lesson plans fetched",
  "count": 0
}

{
  "timestamp": "2026-05-15T14:23:44.248Z",
  "level": "INFO",
  "message": "Lesson plans fetched",
  "count": 0
}

{
  "timestamp": "2026-05-15T14:39:05.555Z",
  "level": "INFO",
  "message": "Fetching attendance by date",
  "classId": "69fcb2f84005bea0681d2540",
  "date": "2026-05-15"
}

{
  "timestamp": "2026-05-15T14:39:06.870Z",
  "level": "INFO",
  "message": "Lesson plans fetched",
  "count": 0
}

{
  "timestamp": "2026-05-15T14:39:06.922Z",
  "level": "INFO",
  "message": "Lesson plans fetched",
  "count": 0
}

{
  "timestamp": "2026-05-15T15:31:06.123Z",
  "level": "INFO",
  "message": "Fetching attendance by date",
  "classId": "69fcb4d4d11fa4b280c4f45f",
  "date": "2026-05-15"
}

{
  "timestamp": "2026-05-15T15:31:19.771Z",
  "level": "INFO",
  "message": "Lesson plans fetched",
  "count": 0
}

{
  "timestamp": "2026-05-15T15:31:19.796Z",
  "level": "INFO",
  "message": "Lesson plans fetched",
  "count": 0
}

{
  "timestamp": "2026-05-15T18:17:42.929Z",
  "level": "INFO",
  "message": "Fetching attendance by date",
  "classId": "69fcb4d4d11fa4b280c4f45f",
  "date": "2026-05-15"
}

